// Jest Snapshot v1, https://goo.gl/fbAQLP

exports[`screen: Blocks matches snapshot 1`] = `
<div
  className="makeStyles-root"
  id="Layout"
  navTitle="blocks:blocks"
>
  <div
    exists={true}
    id="LoadAndExist"
    loading={false}
  >
    <div
      className="makeStyles-box"
      id="Box"
    >
      <div
        id="BlocksList"
        items={
          Array [
            Object {
              "hash": "9YVpJx9ftgbQQ3ZD9233on84UwLi6bGL7PntN2PpGMjZ",
              "leader": undefined,
              "slot": 126456218,
              "timestamp": "2022-03-24T13:05:06",
              "txs": 1911,
            },
          ]
        }
      />
    </div>
  </div>
</div>
`;
