// Jest Snapshot v1, https://goo.gl/fbAQLP

exports[`screen: Epoch matches snapshot 1`] = `
<div
  className="makeStyles-root"
  id="Layout"
  navTitle="epoch:epoch"
>
  <div
    exists={true}
    id="LoadAndExist"
    loading={false}
  >
    <div
      epochDetail={
        Array [
          Object {
            "detail": "epoch:epochDetail",
            "name": "epoch:epoch",
            "value": "305",
          },
          Object {
            "detail": "epoch:totalInflationDetail",
            "name": "epoch:totalInflation",
            "value": "6.96%",
          },
          Object {
            "detail": "epoch:validatorInflationDetail",
            "name": "epoch:validatorInflation",
            "value": "6.96%",
          },
          Object {
            "detail": "epoch:foundationInflationDetail",
            "name": "epoch:foundationInflation",
            "value": "0%",
          },
        ]
      }
      id="EpochDetail"
      title="inflation"
    />
    <div
      epochDetail={
        Array [
          Object {
            "detail": "epoch:initialDetail",
            "name": "epoch:initial",
            "value": "8%",
          },
          Object {
            "detail": "epoch:terminalDetail",
            "name": "epoch:terminal",
            "value": "1.5%",
          },
          Object {
            "detail": "epoch:taperDetail",
            "name": "epoch:taper",
            "value": "15%",
          },
          Object {
            "detail": "epoch:foundationDetail",
            "name": "epoch:foundation",
            "value": "0%",
          },
          Object {
            "detail": "epoch:foundationTermDetail",
            "name": "epoch:foundationTerm",
            "value": "0",
          },
        ]
      }
      id="EpochDetail"
      title="inflationGovernor"
    />
    <div
      epochDetail={
        Array [
          Object {
            "detail": "epoch:slotsPerEpochDetail",
            "name": "epoch:slotsPerEpoch",
            "value": "432,000",
          },
          Object {
            "detail": "epoch:leaderScheduleSlotOffsetDetail",
            "name": "epoch:leaderScheduleSlotOffset",
            "value": "432,000",
          },
          Object {
            "detail": "epoch:warmupDetail",
            "name": "epoch:warmup",
            "value": "FALSE",
          },
          Object {
            "detail": "epoch:firstNormalEpochDetail",
            "name": "epoch:firstNormalEpoch",
            "value": "0",
          },
          Object {
            "detail": "epoch:firstNormalSlotDetail",
            "name": "epoch:firstNormalSlot",
            "value": "0",
          },
        ]
      }
      id="EpochDetail"
      title="epochSchedule"
    />
  </div>
</div>
`;
