// Jest Snapshot v1, https://goo.gl/fbAQLP

exports[`screen: BlockDetails/Overview matches snapshot 1`] = `
<div
  details={
    Array [
      Object {
        "detail": <WithStyles(ForwardRef(Typography))
          className="value"
          variant="body1"
        >
          40,000
        </WithStyles(ForwardRef(Typography))>,
        "label": "blocks:slot",
      },
      Object {
        "detail": "35SD2SaqLUvPBnEBRFUxQjjvS6tmzaPvLeJYQC1QV5E1",
        "label": "blocks:hash",
      },
      Object {
        "detail": <AvatarName
          address="desmosvaloper1rzhewpmmdl72lhnxj6zmxr4v94f522s4hyz467"
          imageUrl=""
          name="desmosvaloper1rzhewpmmdl72lhnxj6zmxr4v94f522s4hyz467"
        />,
        "label": "blocks:proposer",
      },
      Object {
        "detail": "2020-08-10 12:00:00",
        "label": "blocks:time",
      },
      Object {
        "detail": "12",
        "label": "blocks:txs",
      },
    ]
  }
  id="BoxDetails"
  title="blocks:overview"
/>
`;
