// Jest Snapshot v1, https://goo.gl/fbAQLP

exports[`screen: ValidatorDetails/Profile matches snapshot 1`] = `
<div
  className=""
  id="Box"
>
  <div
    className="makeStyles-statusWrapper"
  >
    <div
      className="makeStyles-status"
      id="Tag"
      theme="five"
      value="accounts:delinquent"
    />
  </div>
  <div
    className="makeStyles-bio"
  >
    <div
      className="makeStyles-avatar makeStyles-desktopAvatar"
      id="Avatar"
    />
    <div>
      <div
        className="bio__header"
      >
        <div
          className="makeStyles-header"
        >
          <div
            className="makeStyles-avatar makeStyles-mobile"
            id="Avatar"
          />
          <div
            className="header__content"
          >
            <h2
              className="MuiTypography-root MuiTypography-h2"
            />
          </div>
        </div>
      </div>
    </div>
  </div>
  <hr
    className="MuiDivider-root makeStyles-divider"
  />
  <div>
    <div
      className="makeStyles-item"
    >
      <h4
        className="MuiTypography-root label MuiTypography-h4"
      >
        accounts:website
      </h4>
      <p
        className="MuiTypography-root value MuiTypography-body1"
      >
        -
      </p>
    </div>
    <div
      className="makeStyles-item"
    >
      <h4
        className="MuiTypography-root label MuiTypography-h4"
      >
        accounts:commission
      </h4>
      <p
        className="MuiTypography-root value MuiTypography-body1"
      >
        undefined%
      </p>
    </div>
    <div
      className="makeStyles-item"
    >
      <h4
        className="MuiTypography-root label MuiTypography-h4"
      >
        accounts:lastVote
      </h4>
      <a
        className="MuiTypography-root value MuiTypography-body1"
        href="/blocks/undefined"
        onClick={[Function]}
        onMouseEnter={[Function]}
      >
        0
      </a>
    </div>
    <div
      className="makeStyles-item"
    >
      <h4
        className="MuiTypography-root label MuiTypography-h4"
      >
        accounts:rootSlot
      </h4>
      <a
        className="MuiTypography-root value MuiTypography-body1"
        href="/blocks/undefined"
        onClick={[Function]}
        onMouseEnter={[Function]}
      >
        0
      </a>
    </div>
  </div>
</div>
`;
