// Jest Snapshot v1, https://goo.gl/fbAQLP

exports[`screen: Tokens matches snapshot 1`] = `null`;
