// Jest Snapshot v1, https://goo.gl/fbAQLP

exports[`screen: Home matches snapshot 1`] = `
<div
  className="makeStyles-root"
  id="Layout"
>
  <div
    className="makeStyles-dataBlocks"
    id="DataBlocks"
  />
  <div
    className="makeStyles-price"
    id="Price"
  />
  <div
    className="makeStyles-epoch"
    id="Epoch"
  />
  <div
    className="makeStyles-stakeWeight"
    id="StakeWeight"
  />
  <div
    className="makeStyles-blocks"
    id="Blocks"
  />
  <div
    className="makeStyles-transactions"
    id="Transactions"
  />
</div>
`;
