// Jest Snapshot v1, https://goo.gl/fbAQLP

exports[`component: SingleSlotMobile matches snapshot 1`] = `
<div
  className="makeStyles-root"
>
  <div
    className="makeStyles-item"
  >
    <h4
      className="MuiTypography-root label MuiTypography-h4"
    >
      slot
    </h4>
    <div>
      slot
    </div>
  </div>
  <div
    className="makeStyles-item"
  >
    <h4
      className="MuiTypography-root label MuiTypography-h4"
    >
      proposer
    </h4>
  </div>
  <div
    className="makeStyles-item"
  >
    <h4
      className="MuiTypography-root label MuiTypography-h4"
    >
      hash
    </h4>
    <p
      className="MuiTypography-root value MuiTypography-body1"
    >
      hash
    </p>
  </div>
  <div
    className="makeStyles-flex"
  >
    <div
      className="makeStyles-item"
    >
      <h4
        className="MuiTypography-root label MuiTypography-h4"
      >
        txs
      </h4>
      <p
        className="MuiTypography-root value MuiTypography-body1"
      >
        100,000
      </p>
    </div>
    <div
      className="makeStyles-item"
    >
      <h4
        className="MuiTypography-root label MuiTypography-h4"
      >
        time
      </h4>
      <p
        className="MuiTypography-root value MuiTypography-body1"
      >
        time
      </p>
    </div>
  </div>
</div>
`;
