// Jest Snapshot v1, https://goo.gl/fbAQLP

exports[`screen: Transactions/List matches snapshot 1`] = `
<div
  className="makeStyles-root"
  id="Box"
>
  <h2
    className="MuiTypography-root MuiTypography-h2"
  >
    accounts:holders
  </h2>
  <div
    className="makeStyles-list"
  >
    hello world
  </div>
</div>
`;
