// Jest Snapshot v1, https://goo.gl/fbAQLP

exports[`screen: BlockDetails/Transactions matches snapshot 1`] = `
<div
  className="makeStyles-root"
  id="Box"
>
  <div
    className="makeStyles-header"
  >
    <h2
      className="MuiTypography-root MuiTypography-h2"
    >
      transactions:transactions
    </h2>
  </div>
  <div
    className="makeStyles-list"
    hasNextPage={false}
    id="TransactionsList"
    isItemLoaded={[Function]}
    isNextPageLoading={false}
    itemCount={1}
    loadMoreItems={[Function]}
    loadNextPage={[Function]}
    transactions={
      Array [
        Object {
          "hash": "4SGxuRMcseNbwki3tGxXPpfz7iFnuo9FUpTfiM4gJ8rhH59uZYSBBK2zW27xRdGX8Sb2N4VkGUnBYt59SBKEhPfB",
          "numInstructions": 13,
          "slot": 123548722,
          "success": true,
          "timestamp": "2021-09-13T20:06:17.363145",
        },
      ]
    }
  />
</div>
`;
