// Jest Snapshot v1, https://goo.gl/fbAQLP

exports[`screen: Transactions/List matches snapshot 1`] = `
<div
  className="makeStyles-root"
  id="Box"
>
  <h2
    className="MuiTypography-root MuiTypography-h2"
  >
    transactions:transactions
  </h2>
  <div
    className="makeStyles-list"
  >
    <div
      hasNextPage={false}
      id="TransactionsList"
      isItemLoaded={[Function]}
      isNextPageLoading={false}
      itemCount={1}
      loadMoreItems={[MockFunction]}
      loadNextPage={[MockFunction]}
      transactions={
        Array [
          Object {
            "hash": "4SGxuRMcseNbwki3tGxXPpfz7iFnuo9FUpTfiM4gJ8rhH59uZYSBBK2zW27xRdGX8Sb2N4VkGUnBYt59SBKEhPfB",
            "messages": Object {
              "count": 0,
              "items": Array [],
            },
            "slot": 123548722,
            "success": true,
            "timestamp": "2021-09-13T20:06:17.363145",
          },
        ]
      }
    />
  </div>
</div>
`;
