// Jest Snapshot v1, https://goo.gl/fbAQLP

exports[`screen: Home/Blocks/Desktop matches snapshot 1`] = `
<div
  className="makeStyles-root"
>
  <div
    onScroll={[Function]}
    style={
      Object {
        "WebkitOverflowScrolling": "touch",
        "direction": "ltr",
        "height": 50,
        "overflow": "auto",
        "position": "relative",
        "width": 600,
        "willChange": "transform",
      }
    }
  >
    <div
      style={
        Object {
          "height": 50,
          "pointerEvents": undefined,
          "width": 600,
        }
      }
    >
      <div
        className="makeStyles-cell"
        style={
          Object {
            "height": 50,
            "left": 0,
            "position": "absolute",
            "right": undefined,
            "top": 0,
            "width": 60,
          }
        }
      >
        <h4
          className="MuiTypography-root MuiTypography-h4"
        >
          slot
        </h4>
      </div>
      <div
        className="makeStyles-cell"
        style={
          Object {
            "height": 50,
            "left": 60,
            "position": "absolute",
            "right": undefined,
            "top": 0,
            "width": 90,
          }
        }
      >
        <h4
          className="MuiTypography-root MuiTypography-h4"
        >
          leader
        </h4>
      </div>
      <div
        className="makeStyles-cell"
        style={
          Object {
            "height": 50,
            "left": 150,
            "position": "absolute",
            "right": undefined,
            "top": 0,
            "width": 150,
          }
        }
      >
        <h4
          className="MuiTypography-root MuiTypography-h4"
        >
          hash
        </h4>
      </div>
      <div
        className="makeStyles-cell"
        style={
          Object {
            "height": 50,
            "left": 300,
            "position": "absolute",
            "right": undefined,
            "top": 0,
            "width": 150,
          }
        }
      >
        <h4
          className="MuiTypography-root MuiTypography-h4"
        >
          parentHash
        </h4>
      </div>
      <div
        className="makeStyles-cell"
        style={
          Object {
            "height": 50,
            "left": 450,
            "position": "absolute",
            "right": undefined,
            "top": 0,
            "width": 60,
          }
        }
      >
        <h4
          className="MuiTypography-root MuiTypography-h4 MuiTypography-alignRight"
        >
          txs
        </h4>
      </div>
      <div
        className="makeStyles-cell"
        style={
          Object {
            "height": 50,
            "left": 510,
            "position": "absolute",
            "right": undefined,
            "top": 0,
            "width": 90,
          }
        }
      >
        <h4
          className="MuiTypography-root MuiTypography-h4 MuiTypography-alignRight"
        >
          time
        </h4>
      </div>
    </div>
  </div>
  <div
    className="scrollbar"
    onScroll={[Function]}
    style={
      Object {
        "WebkitOverflowScrolling": "touch",
        "direction": "ltr",
        "height": 550,
        "overflow": "auto",
        "position": "relative",
        "width": 600,
        "willChange": "transform",
      }
    }
  >
    <div
      style={
        Object {
          "height": 100,
          "pointerEvents": undefined,
          "width": 600,
        }
      }
    >
      <div
        className="makeStyles-cell makeStyles-body odd"
        style={
          Object {
            "height": 50,
            "left": 0,
            "position": "absolute",
            "right": undefined,
            "top": 0,
            "width": 60,
          }
        }
      >
        <div
          className="MuiTypography-root MuiTypography-body1"
        >
          <a
            className="MuiTypography-root value MuiTypography-body1"
            href="/blocks/812768640"
            onClick={[Function]}
            onMouseEnter={[Function]}
          >
            812,768,640
          </a>
        </div>
      </div>
      <div
        className="makeStyles-cell makeStyles-body odd"
        style={
          Object {
            "height": 50,
            "left": 60,
            "position": "absolute",
            "right": undefined,
            "top": 0,
            "width": 90,
          }
        }
      >
        <div
          className="MuiTypography-root MuiTypography-body1"
        >
          <div
            address="desmosvaloper1rzhewpmmdl72lhnxj6zmxr4v94f522s4hyz467"
            id="AvatarName"
            name="desmosvaloper1rzhewpmmdl72lhnxj6zmxr4v94f522s4hyz467"
          />
        </div>
      </div>
      <div
        className="makeStyles-cell makeStyles-body odd"
        style={
          Object {
            "height": 50,
            "left": 150,
            "position": "absolute",
            "right": undefined,
            "top": 0,
            "width": 150,
          }
        }
      >
        <div
          className="MuiTypography-root MuiTypography-body1"
        >
          76nwV8zz8tLz9...JDLQfF66jZhQ857
        </div>
      </div>
      <div
        className="makeStyles-cell makeStyles-body odd"
        style={
          Object {
            "height": 50,
            "left": 300,
            "position": "absolute",
            "right": undefined,
            "top": 0,
            "width": 150,
          }
        }
      >
        <div
          className="MuiTypography-root MuiTypography-body1"
        >
          76nwV8zz8tLz9...JDLQfF66jZhQ857
        </div>
      </div>
      <div
        className="makeStyles-cell makeStyles-body odd"
        style={
          Object {
            "height": 50,
            "left": 450,
            "position": "absolute",
            "right": undefined,
            "top": 0,
            "width": 60,
          }
        }
      >
        <div
          className="MuiTypography-root MuiTypography-body1 MuiTypography-alignRight"
        >
          2
        </div>
      </div>
      <div
        className="makeStyles-cell makeStyles-body odd"
        style={
          Object {
            "height": 50,
            "left": 510,
            "position": "absolute",
            "right": undefined,
            "top": 0,
            "width": 90,
          }
        }
      >
        <div
          className="MuiTypography-root MuiTypography-body1 MuiTypography-alignRight"
        >
          1 day ago
        </div>
      </div>
      <div
        className="makeStyles-cell makeStyles-body"
        style={
          Object {
            "height": 50,
            "left": 0,
            "position": "absolute",
            "right": undefined,
            "top": 50,
            "width": 60,
          }
        }
      >
        <div
          className="MuiTypography-root MuiTypography-body1"
        >
          <a
            className="MuiTypography-root value MuiTypography-body1"
            href="/blocks/812768640"
            onClick={[Function]}
            onMouseEnter={[Function]}
          >
            812,768,640
          </a>
        </div>
      </div>
      <div
        className="makeStyles-cell makeStyles-body"
        style={
          Object {
            "height": 50,
            "left": 60,
            "position": "absolute",
            "right": undefined,
            "top": 50,
            "width": 90,
          }
        }
      >
        <div
          className="MuiTypography-root MuiTypography-body1"
        >
          <div
            address="desmosvaloper1rzhewpmmdl72lhnxj6zmxr4v94f522s4hyz467"
            id="AvatarName"
            name="desmosvaloper1rzhewpmmdl72lhnxj6zmxr4v94f522s4hyz467"
          />
        </div>
      </div>
      <div
        className="makeStyles-cell makeStyles-body"
        style={
          Object {
            "height": 50,
            "left": 150,
            "position": "absolute",
            "right": undefined,
            "top": 50,
            "width": 150,
          }
        }
      >
        <div
          className="MuiTypography-root MuiTypography-body1"
        >
          76nwV8zz8tLz9...JDLQfF66jZhQ857
        </div>
      </div>
      <div
        className="makeStyles-cell makeStyles-body"
        style={
          Object {
            "height": 50,
            "left": 300,
            "position": "absolute",
            "right": undefined,
            "top": 50,
            "width": 150,
          }
        }
      >
        <div
          className="MuiTypography-root MuiTypography-body1"
        >
          76nwV8zz8tLz9...JDLQfF66jZhQ857
        </div>
      </div>
      <div
        className="makeStyles-cell makeStyles-body"
        style={
          Object {
            "height": 50,
            "left": 450,
            "position": "absolute",
            "right": undefined,
            "top": 50,
            "width": 60,
          }
        }
      >
        <div
          className="MuiTypography-root MuiTypography-body1 MuiTypography-alignRight"
        >
          2
        </div>
      </div>
      <div
        className="makeStyles-cell makeStyles-body"
        style={
          Object {
            "height": 50,
            "left": 510,
            "position": "absolute",
            "right": undefined,
            "top": 50,
            "width": 90,
          }
        }
      >
        <div
          className="MuiTypography-root MuiTypography-body1 MuiTypography-alignRight"
        >
          1 day ago
        </div>
      </div>
    </div>
  </div>
</div>
`;
