// Jest Snapshot v1, https://goo.gl/fbAQLP

exports[`screen: BlockDetails matches snapshot 1`] = `
<div
  exists={true}
  id="LoadAndExist"
  loading={false}
>
  <div
    className="makeStyles-root"
  >
    <div
      className="makeStyles-header"
      header={
        Object {
          "imageUrl": "https://raw.githubusercontent.com/solana-labs/token-list/main/assets/mainnet/SBTCB6pWqeDo6zGi9WVRMLCsKsN6JiR1RMUqvLtgSRv/icon.png",
          "mint": "SBTCB6pWqeDo6zGi9WVRMLCsKsN6JiR1RMUqvLtgSRv",
          "token": "Saber Wrapped Bitcoin (Sollet) (8 decimals)",
        }
      }
      id="Header"
    />
    <div
      className="makeStyles-overview"
      id="Overview"
      overview={
        Object {
          "decimals": 8,
          "freezeAuthority": "",
          "mint": "SBTCB6pWqeDo6zGi9WVRMLCsKsN6JiR1RMUqvLtgSRv",
          "mintAuthority": "GpkFF2nPfjUcsavgDGscxaUEQ2hYJ563AXXtU8ohiZ7c",
        }
      }
    />
    <div
      className="makeStyles-market"
      id="Market"
      market={
        Object {
          "holders": 3355,
          "marketCap": 807393897904,
          "price": 42485,
          "supply": 28421156478,
        }
      }
    />
    <div
      className="makeStyles-holders"
      id="TopHolders"
    />
  </div>
</div>
`;
