// Jest Snapshot v1, https://goo.gl/fbAQLP

exports[`screen: Home/Blocks/Mobile matches snapshot 1`] = `
<div
  className="makeStyles-root"
>
  <div
    className="List"
    onScroll={[Function]}
    style={
      Object {
        "WebkitOverflowScrolling": "touch",
        "direction": "ltr",
        "height": 600,
        "overflow": "auto",
        "position": "relative",
        "width": 600,
        "willChange": "transform",
      }
    }
  >
    <div
      style={
        Object {
          "height": 100,
          "pointerEvents": undefined,
          "width": "100%",
        }
      }
    >
      <div
        style={
          Object {
            "height": 100,
            "left": 0,
            "position": "absolute",
            "right": undefined,
            "top": 0,
            "width": "100%",
          }
        }
      >
        <div>
          <div
            className="makeStyles-list"
          >
            <div
              className="makeStyles-item"
            >
              <h4
                className="MuiTypography-root label MuiTypography-h4"
              >
                tokens:rank
              </h4>
              <p
                className="MuiTypography-root value MuiTypography-body1"
              >
                # 1
              </p>
            </div>
            <div
              className="makeStyles-item"
            >
              <h4
                className="MuiTypography-root label MuiTypography-h4"
              >
                tokens:address
              </h4>
              <div
                address="desmosvaloper1rzhewpmmdl72lhnxj6zmxr4v94f522s4hyz467"
                id="AvatarName"
                name="desmosvaloper1rzhewpmmdl72lhnxj6zmxr4v94f522s4hyz467"
              />
            </div>
            <div
              className="makeStyles-item"
            >
              <h4
                className="MuiTypography-root label MuiTypography-h4"
              >
                tokens:quantity
              </h4>
              <p
                className="MuiTypography-root value MuiTypography-body1"
              >
                4534
              </p>
            </div>
            <div
              className="makeStyles-item"
            >
              <h4
                className="MuiTypography-root label MuiTypography-h4"
              >
                tokens:percentage
              </h4>
              <div
                className="makeStyles-root"
              >
                <p
                  className="MuiTypography-root MuiTypography-body1"
                >
                  70
                  %
                </p>
                <div
                  className="makeStyles-chart"
                >
                  <div
                    className="makeStyles-active"
                  />
                </div>
              </div>
            </div>
            <div
              className="makeStyles-item"
            >
              <h4
                className="MuiTypography-root label MuiTypography-h4"
              >
                tokens:value
              </h4>
              <p
                className="MuiTypography-root value MuiTypography-body1"
              >
                234243
              </p>
            </div>
          </div>
        </div>
      </div>
    </div>
  </div>
</div>
`;
