// Jest Snapshot v1, https://goo.gl/fbAQLP

exports[`screen: Validators/SkipRate matches snapshot 1`] = `
<div
  className="makeStyles-root"
>
  <div
    className="makeStyles-content"
  >
    <p
      className="MuiTypography-root MuiTypography-body1"
    >
      100 / 200
    </p>
    <p
      className="MuiTypography-root percentage MuiTypography-body1"
    >
      40.00
      %
    </p>
  </div>
  <div
    className="makeStyles-chart"
  >
    <div
      className="makeStyles-active"
    />
  </div>
</div>
`;
