// Jest Snapshot v1, https://goo.gl/fbAQLP

exports[`screen: Home/Blocks/Mobile matches snapshot 1`] = `
<div
  className=""
>
  <div
    hash="76nwV8zz8tLz9...F66jZhQ857"
    id="SingleBlockMobile"
    leader={
      <AvatarName
        address="desmosvaloper1rzhewpmmdl72lhnxj6zmxr4v94f522s4hyz467"
        name="desmosvaloper1rzhewpmmdl72lhnxj6zmxr4v94f522s4hyz467"
      />
    }
    slot={
      <Link
        href="/blocks/812768640"
        passHref={true}
      >
        <WithStyles(ForwardRef(Typography))
          className="value"
          component="a"
          variant="body1"
        >
          812,768,640
        </WithStyles(ForwardRef(Typography))>
      </Link>
    }
    time="1 day ago"
    txs="2"
  />
</div>
`;
