// Jest Snapshot v1, https://goo.gl/fbAQLP

exports[`screen: Proposals/List matches snapshot 1`] = `
<div
  className="makeStyles-root"
  id="Box"
>
  <div
    className="makeStyles-topContent"
  >
    <div
      className="makeStyles-total"
      id="Total"
      total="1"
    />
  </div>
  <div
    className="makeStyles-list"
  >
    <div
      id="Mobile"
      isItemLoaded={[Function]}
      itemCount={1}
      items={
        Array [
          Object {
            "address": "9n4nbM75f5Ui33ZbPYXn59EwSgE8CGsHtAeTH5YFeJ9E",
            "change": 10,
            "holders": 2178994,
            "marketCap": 515912496,
            "price": 1802,
            "token": "BTC",
            "volume": 15902496558,
          },
        ]
      }
      loadMoreItems={[Function]}
    />
  </div>
</div>
`;
